#
# There is insufficient memory for the Java Runtime Environment to continue.
# Native memory allocation (malloc) failed to allocate 37872 bytes for Chunk::new
# Possible reasons:
#   The system is out of physical RAM or swap space
#   The process is running with CompressedOops enabled, and the Java Heap may be blocking the growth of the native heap
# Possible solutions:
#   Reduce memory load on the system
#   Increase physical memory or swap space
#   Check if swap backing store is full
#   Decrease Java heap size (-Xmx/-Xms)
#   Decrease number of Java threads
#   Decrease Java thread stack sizes (-Xss)
#   Set larger code cache with -XX:ReservedCodeCacheSize=
#   JVM is running with Zero Based Compressed Oops mode in which the Java heap is
#     placed in the first 32GB address space. The Java Heap base address is the
#     maximum limit for the native heap growth. Please use -XX:HeapBaseMinAddress
#     to set the Java Heap base and to place the Java Heap above 32GB virtual address.
# This output file may be truncated or incomplete.
#
#  Out of Memory Error (./open/src/hotspot/share/memory/arena.cpp:197), pid=31776, tid=31148
#
# JRE version: Java(TM) SE Runtime Environment 18.9 (11.0.20+9) (build 11.0.20+9-LTS-256)
# Java VM: Java HotSpot(TM) 64-Bit Server VM 18.9 (11.0.20+9-LTS-256, mixed mode, tiered, compressed oops, g1 gc, windows-amd64)
# No core dump will be written. Minidumps are not enabled by default on client versions of Windows
#

---------------  S U M M A R Y ------------

Command Line: -agentlib:jdwp=transport=dt_socket,suspend=y,address=localhost:60982 -Dcom.sun.management.jmxremote -Dcom.sun.management.jmxremote.port=60981 -Dcom.sun.management.jmxremote.authenticate=false -Dcom.sun.management.jmxremote.ssl=false -Djava.rmi.server.hostname=localhost -Dspring.jmx.enabled=true -Dspring.liveBeansView.mbeanDomain -Dspring.application.admin.enabled=true -XX:TieredStopAtLevel=1 -Dspring.boot.project.name=spring_boot_backend_security_jwt_template -javaagent:D:\Offline_Softwares_Windwos\sts-bundle\sts-3.9.18.RELEASE\configuration\org.eclipse.osgi\312\0\.cp\lib\javaagent-shaded.jar -Dfile.encoding=UTF-8 com.childadoption.Application --spring.output.ansi.enabled=always

Host: AMD Ryzen 5 4600H with Radeon Graphics         , 12 cores, 15G,  Windows 11 , 64 bit Build 22621 (10.0.22621.3958)
Time: Sun Aug 11 12:07:48 2024 India Standard Time elapsed time: 2.463101 seconds (0d 0h 0m 2s)

---------------  T H R E A D  ---------------

Current thread (0x0000019d2d85b000):  JavaThread "restartedMain" [_thread_in_vm, id=31148, stack(0x000000470d900000,0x000000470da00000)]

Stack: [0x000000470d900000,0x000000470da00000]
Native frames: (J=compiled Java code, j=interpreted, Vv=VM code, C=native code)
V  [jvm.dll+0x6602ba]
V  [jvm.dll+0x7a32af]
V  [jvm.dll+0x7a4979]
V  [jvm.dll+0x7a5013]
V  [jvm.dll+0x258ef5]
V  [jvm.dll+0xb2a0c]
V  [jvm.dll+0xb2fcc]
V  [jvm.dll+0x511d3c]
V  [jvm.dll+0x532e0d]
V  [jvm.dll+0x73c97c]
V  [jvm.dll+0x4023a9]
V  [jvm.dll+0x407a83]
C  [java.dll+0x19c8]

Java frames: (J=compiled Java code, j=interpreted, Vv=VM code)
J 1623  java.lang.ClassLoader.defineClass1(Ljava/lang/ClassLoader;Ljava/lang/String;[BIILjava/security/ProtectionDomain;Ljava/lang/String;)Ljava/lang/Class; java.base@11.0.20 (0 bytes) @ 0x0000019d1223b48b [0x0000019d1223b3c0+0x00000000000000cb]
J 1622 c1 java.lang.ClassLoader.defineClass(Ljava/lang/String;[BIILjava/security/ProtectionDomain;)Ljava/lang/Class; java.base@11.0.20 (43 bytes) @ 0x0000019d12241ca4 [0x0000019d12241b60+0x0000000000000144]
J 1474 c1 jdk.internal.loader.BuiltinClassLoader.defineClass(Ljava/lang/String;Ljdk/internal/loader/Resource;)Ljava/lang/Class; java.base@11.0.20 (121 bytes) @ 0x0000019d12204414 [0x0000019d12203e20+0x00000000000005f4]
J 1462 c1 jdk.internal.loader.BuiltinClassLoader.findClassOnClassPathOrNull(Ljava/lang/String;)Ljava/lang/Class; java.base@11.0.20 (64 bytes) @ 0x0000019d121fdedc [0x0000019d121fde00+0x00000000000000dc]
J 1203 c1 jdk.internal.loader.BuiltinClassLoader.loadClassOrNull(Ljava/lang/String;Z)Ljava/lang/Class; java.base@11.0.20 (143 bytes) @ 0x0000019d12158c6c [0x0000019d12158700+0x000000000000056c]
J 1363 c1 jdk.internal.loader.ClassLoaders$AppClassLoader.loadClass(Ljava/lang/String;Z)Ljava/lang/Class; java.base@11.0.20 (40 bytes) @ 0x0000019d121c333c [0x0000019d121c3200+0x000000000000013c]
J 1450 c1 java.lang.ClassLoader.loadClass(Ljava/lang/String;)Ljava/lang/Class; java.base@11.0.20 (7 bytes) @ 0x0000019d121f637c [0x0000019d121f6320+0x000000000000005c]
v  ~StubRoutines::call_stub
J 1623  java.lang.ClassLoader.defineClass1(Ljava/lang/ClassLoader;Ljava/lang/String;[BIILjava/security/ProtectionDomain;Ljava/lang/String;)Ljava/lang/Class; java.base@11.0.20 (0 bytes) @ 0x0000019d1223b48b [0x0000019d1223b3c0+0x00000000000000cb]
J 1622 c1 java.lang.ClassLoader.defineClass(Ljava/lang/String;[BIILjava/security/ProtectionDomain;)Ljava/lang/Class; java.base@11.0.20 (43 bytes) @ 0x0000019d12241ca4 [0x0000019d12241b60+0x0000000000000144]
J 1474 c1 jdk.internal.loader.BuiltinClassLoader.defineClass(Ljava/lang/String;Ljdk/internal/loader/Resource;)Ljava/lang/Class; java.base@11.0.20 (121 bytes) @ 0x0000019d12204414 [0x0000019d12203e20+0x00000000000005f4]
J 1462 c1 jdk.internal.loader.BuiltinClassLoader.findClassOnClassPathOrNull(Ljava/lang/String;)Ljava/lang/Class; java.base@11.0.20 (64 bytes) @ 0x0000019d121fdedc [0x0000019d121fde00+0x00000000000000dc]
J 1203 c1 jdk.internal.loader.BuiltinClassLoader.loadClassOrNull(Ljava/lang/String;Z)Ljava/lang/Class; java.base@11.0.20 (143 bytes) @ 0x0000019d12158c6c [0x0000019d12158700+0x000000000000056c]
J 1363 c1 jdk.internal.loader.ClassLoaders$AppClassLoader.loadClass(Ljava/lang/String;Z)Ljava/lang/Class; java.base@11.0.20 (40 bytes) @ 0x0000019d121c333c [0x0000019d121c3200+0x000000000000013c]
J 1450 c1 java.lang.ClassLoader.loadClass(Ljava/lang/String;)Ljava/lang/Class; java.base@11.0.20 (7 bytes) @ 0x0000019d121f637c [0x0000019d121f6320+0x000000000000005c]
v  ~StubRoutines::call_stub
J 1220  java.lang.Class.forName0(Ljava/lang/String;ZLjava/lang/ClassLoader;Ljava/lang/Class;)Ljava/lang/Class; java.base@11.0.20 (0 bytes) @ 0x0000019d12160ad7 [0x0000019d12160a40+0x0000000000000097]
J 1223 c1 java.lang.Class.forName(Ljava/lang/String;ZLjava/lang/ClassLoader;)Ljava/lang/Class; java.base@11.0.20 (47 bytes) @ 0x0000019d12176e5c [0x0000019d12176d40+0x000000000000011c]
j  org.springframework.boot.devtools.restart.classloader.RestartClassLoader.loadClass(Ljava/lang/String;Z)Ljava/lang/Class;+90
J 1450 c1 java.lang.ClassLoader.loadClass(Ljava/lang/String;)Ljava/lang/Class; java.base@11.0.20 (7 bytes) @ 0x0000019d121f637c [0x0000019d121f6320+0x000000000000005c]
v  ~StubRoutines::call_stub
J 1220  java.lang.Class.forName0(Ljava/lang/String;ZLjava/lang/ClassLoader;Ljava/lang/Class;)Ljava/lang/Class; java.base@11.0.20 (0 bytes) @ 0x0000019d12160ad7 [0x0000019d12160a40+0x0000000000000097]
J 1223 c1 java.lang.Class.forName(Ljava/lang/String;ZLjava/lang/ClassLoader;)Ljava/lang/Class; java.base@11.0.20 (47 bytes) @ 0x0000019d12176e5c [0x0000019d12176d40+0x000000000000011c]
J 2764 c1 org.springframework.boot.autoconfigure.condition.FilteringSpringBootCondition.resolve(Ljava/lang/String;Ljava/lang/ClassLoader;)Ljava/lang/Class; (16 bytes) @ 0x0000019d1243155c [0x0000019d124314c0+0x000000000000009c]
j  org.springframework.boot.autoconfigure.condition.OnBeanCondition$Spec.getReturnType(Lorg/springframework/context/annotation/ConditionContext;Lorg/springframework/core/type/MethodMetadata;)Ljava/lang/Class;+14
j  org.springframework.boot.autoconfigure.condition.OnBeanCondition$Spec.deducedBeanTypeForBeanMethod(Lorg/springframework/context/annotation/ConditionContext;Lorg/springframework/core/type/MethodMetadata;)Ljava/util/Set;+3
j  org.springframework.boot.autoconfigure.condition.OnBeanCondition$Spec.deducedBeanType(Lorg/springframework/context/annotation/ConditionContext;Lorg/springframework/core/type/AnnotatedTypeMetadata;)Ljava/util/Set;+27
j  org.springframework.boot.autoconfigure.condition.OnBeanCondition$Spec.<init>(Lorg/springframework/context/annotation/ConditionContext;Lorg/springframework/core/type/AnnotatedTypeMetadata;Lorg/springframework/core/annotation/MergedAnnotations;Ljava/lang/Class;)V+217
j  org.springframework.boot.autoconfigure.condition.OnBeanCondition.getMatchOutcome(Lorg/springframework/context/annotation/ConditionContext;Lorg/springframework/core/type/AnnotatedTypeMetadata;)Lorg/springframework/boot/autoconfigure/condition/ConditionOutcome;+376
j  org.springframework.boot.autoconfigure.condition.SpringBootCondition.matches(Lorg/springframework/context/annotation/ConditionContext;Lorg/springframework/core/type/AnnotatedTypeMetadata;)Z+8
J 3207 c1 org.springframework.context.annotation.ConditionEvaluator.shouldSkip(Lorg/springframework/core/type/AnnotatedTypeMetadata;Lorg/springframework/context/annotation/ConfigurationCondition$ConfigurationPhase;)Z (250 bytes) @ 0x0000019d1251044c [0x0000019d1250fbe0+0x000000000000086c]
j  org.springframework.context.annotation.ConfigurationClassBeanDefinitionReader.loadBeanDefinitionsForBeanMethod(Lorg/springframework/context/annotation/BeanMethod;)V+26
j  org.springframework.context.annotation.ConfigurationClassBeanDefinitionReader.loadBeanDefinitionsForConfigurationClass(Lorg/springframework/context/annotation/ConfigurationClass;Lorg/springframework/context/annotation/ConfigurationClassBeanDefinitionReader$TrackedConditionEvaluator;)V+107
j  org.springframework.context.annotation.ConfigurationClassBeanDefinitionReader.loadBeanDefinitions(Ljava/util/Set;)V+41
j  org.springframework.context.annotation.ConfigurationClassPostProcessor.processConfigBeanDefinitions(Lorg/springframework/beans/factory/support/BeanDefinitionRegistry;)V+386
j  org.springframework.context.annotation.ConfigurationClassPostProcessor.postProcessBeanDefinitionRegistry(Lorg/springframework/beans/factory/support/BeanDefinitionRegistry;)V+107
j  org.springframework.context.support.PostProcessorRegistrationDelegate.invokeBeanDefinitionRegistryPostProcessors(Ljava/util/Collection;Lorg/springframework/beans/factory/support/BeanDefinitionRegistry;Lorg/springframework/core/metrics/ApplicationStartup;)V+59
j  org.springframework.context.support.PostProcessorRegistrationDelegate.invokeBeanFactoryPostProcessors(Lorg/springframework/beans/factory/config/ConfigurableListableBeanFactory;Ljava/util/List;)V+235
j  org.springframework.context.support.AbstractApplicationContext.invokeBeanFactoryPostProcessors(Lorg/springframework/beans/factory/config/ConfigurableListableBeanFactory;)V+5
j  org.springframework.context.support.AbstractApplicationContext.refresh()V+53
j  org.springframework.boot.web.servlet.context.ServletWebServerApplicationContext.refresh()V+1
j  org.springframework.boot.SpringApplication.refresh(Lorg/springframework/context/ConfigurableApplicationContext;)V+1
j  org.springframework.boot.SpringApplication.refreshContext(Lorg/springframework/context/ConfigurableApplicationContext;)V+16
j  org.springframework.boot.SpringApplication.run([Ljava/lang/String;)Lorg/springframework/context/ConfigurableApplicationContext;+107
j  org.springframework.boot.SpringApplication.run([Ljava/lang/Class;[Ljava/lang/String;)Lorg/springframework/context/ConfigurableApplicationContext;+9
j  org.springframework.boot.SpringApplication.run(Ljava/lang/Class;[Ljava/lang/String;)Lorg/springframework/context/ConfigurableApplicationContext;+9
j  com.childadoption.Application.main([Ljava/lang/String;)V+3
v  ~StubRoutines::call_stub
j  jdk.internal.reflect.NativeMethodAccessorImpl.invoke0(Ljava/lang/reflect/Method;Ljava/lang/Object;[Ljava/lang/Object;)Ljava/lang/Object;+0 java.base@11.0.20
j  jdk.internal.reflect.NativeMethodAccessorImpl.invoke(Ljava/lang/Object;[Ljava/lang/Object;)Ljava/lang/Object;+100 java.base@11.0.20
j  jdk.internal.reflect.DelegatingMethodAccessorImpl.invoke(Ljava/lang/Object;[Ljava/lang/Object;)Ljava/lang/Object;+6 java.base@11.0.20
j  java.lang.reflect.Method.invoke(Ljava/lang/Object;[Ljava/lang/Object;)Ljava/lang/Object;+59 java.base@11.0.20
j  org.springframework.boot.devtools.restart.RestartLauncher.run()V+47
v  ~StubRoutines::call_stub

---------------  P R O C E S S  ---------------

Threads class SMR info:
_java_thread_list=0x0000019d2f887720, length=17, elements={
0x0000019d0a1b5800, 0x0000019d2d6b5000, 0x0000019d2d6bf800, 0x0000019d2d70e800,
0x0000019d2d711800, 0x0000019d2d712800, 0x0000019d2d716000, 0x0000019d2d721000,
0x0000019d2d856000, 0x0000019d2d8c3000, 0x0000019d2d8c8000, 0x0000019d2d8d4800,
0x0000019d2d854800, 0x0000019d2d859000, 0x0000019d2d85a000, 0x0000019d2d857000,
0x0000019d2d85b000
}

Java Threads: ( => current thread )
  0x0000019d0a1b5800 JavaThread "main" [_thread_blocked, id=11776, stack(0x000000470be00000,0x000000470bf00000)]
  0x0000019d2d6b5000 JavaThread "Reference Handler" daemon [_thread_blocked, id=33248, stack(0x000000470c500000,0x000000470c600000)]
  0x0000019d2d6bf800 JavaThread "Finalizer" daemon [_thread_blocked, id=1396, stack(0x000000470c600000,0x000000470c700000)]
  0x0000019d2d70e800 JavaThread "Signal Dispatcher" daemon [_thread_blocked, id=24748, stack(0x000000470c700000,0x000000470c800000)]
  0x0000019d2d711800 JavaThread "Attach Listener" daemon [_thread_blocked, id=1840, stack(0x000000470c800000,0x000000470c900000)]
  0x0000019d2d712800 JavaThread "Service Thread" daemon [_thread_blocked, id=27300, stack(0x000000470c900000,0x000000470ca00000)]
  0x0000019d2d716000 JavaThread "C1 CompilerThread0" daemon [_thread_blocked, id=10780, stack(0x000000470ca00000,0x000000470cb00000)]
  0x0000019d2d721000 JavaThread "Sweeper thread" daemon [_thread_blocked, id=14056, stack(0x000000470cb00000,0x000000470cc00000)]
  0x0000019d2d856000 JavaThread "Common-Cleaner" daemon [_thread_blocked, id=21992, stack(0x000000470cc00000,0x000000470cd00000)]
  0x0000019d2d8c3000 JavaThread "JDWP Transport Listener: dt_socket" daemon [_thread_blocked, id=32624, stack(0x000000470cd00000,0x000000470ce00000)]
  0x0000019d2d8c8000 JavaThread "JDWP Event Helper Thread" daemon [_thread_blocked, id=27476, stack(0x000000470ce00000,0x000000470cf00000)]
  0x0000019d2d8d4800 JavaThread "JDWP Command Reader" daemon [_thread_in_native, id=31380, stack(0x000000470cf00000,0x000000470d000000)]
  0x0000019d2d854800 JavaThread "RMI TCP Accept-0" daemon [_thread_in_native, id=23680, stack(0x000000470d000000,0x000000470d100000)]
  0x0000019d2d859000 JavaThread "RMI TCP Accept-60981" daemon [_thread_in_native, id=25868, stack(0x000000470d100000,0x000000470d200000)]
  0x0000019d2d85a000 JavaThread "RMI TCP Accept-0" daemon [_thread_in_native, id=25164, stack(0x000000470d200000,0x000000470d300000)]
  0x0000019d2d857000 JavaThread "Thread-0" [_thread_blocked, id=14672, stack(0x000000470d800000,0x000000470d900000)]
=>0x0000019d2d85b000 JavaThread "restartedMain" [_thread_in_vm, id=31148, stack(0x000000470d900000,0x000000470da00000)]

Other Threads:
  0x0000019d2ce02000 VMThread "VM Thread" [stack: 0x000000470c400000,0x000000470c500000] [id=3844]
  0x0000019d2e383800 WatcherThread [stack: 0x000000470d300000,0x000000470d400000] [id=32256]
  0x0000019d0a1cc000 GCTaskThread "GC Thread#0" [stack: 0x000000470bf00000,0x000000470c000000] [id=31092]
  0x0000019d2e3be000 GCTaskThread "GC Thread#1" [stack: 0x000000470d400000,0x000000470d500000] [id=11068]
  0x0000019d2e367000 GCTaskThread "GC Thread#2" [stack: 0x000000470d500000,0x000000470d600000] [id=31112]
  0x0000019d2e3ac000 GCTaskThread "GC Thread#3" [stack: 0x000000470d600000,0x000000470d700000] [id=26468]
  0x0000019d2e3ad000 GCTaskThread "GC Thread#4" [stack: 0x000000470d700000,0x000000470d800000] [id=19432]
  0x0000019d2f06f800 GCTaskThread "GC Thread#5" [stack: 0x000000470da00000,0x000000470db00000] [id=32188]
  0x0000019d2f9bd800 GCTaskThread "GC Thread#6" [stack: 0x000000470de00000,0x000000470df00000] [id=14396]
  0x0000019d2f889800 GCTaskThread "GC Thread#7" [stack: 0x000000470df00000,0x000000470e000000] [id=18224]
  0x0000019d0a223800 ConcurrentGCThread "G1 Main Marker" [stack: 0x000000470c000000,0x000000470c100000] [id=28652]
  0x0000019d07eed000 ConcurrentGCThread "G1 Conc#0" [stack: 0x000000470c100000,0x000000470c200000] [id=29116]
  0x0000019d2ef1b800 ConcurrentGCThread "G1 Conc#1" [stack: 0x000000470db00000,0x000000470dc00000] [id=19028]
  0x0000019d2f143800 ConcurrentGCThread "G1 Conc#2" [stack: 0x000000470dc00000,0x000000470dd00000] [id=12944]
  0x0000019d2ccdf000 ConcurrentGCThread "G1 Refine#0" [stack: 0x000000470c200000,0x000000470c300000] [id=21844]
  0x0000019d2cce1000 ConcurrentGCThread "G1 Young RemSet Sampling" [stack: 0x000000470c300000,0x000000470c400000] [id=29444]

Threads with active compile tasks:

VM state:not at safepoint (normal execution)

VM Mutex/Monitor currently owned by a thread: None

Heap address: 0x0000000709400000, size: 3948 MB, Compressed Oops mode: Zero based, Oop shift amount: 3
Narrow klass base: 0x0000000800000000, Narrow klass shift: 0
Compressed class space size: 1073741824 Address: 0x0000000800000000

Heap:
 garbage-first heap   total 253952K, used 19080K [0x0000000709400000, 0x0000000800000000)
  region size 1024K, 13 young (13312K), 7 survivors (7168K)
 Metaspace       used 33696K, capacity 34595K, committed 34816K, reserved 1087488K
  class space    used 4160K, capacity 4567K, committed 4608K, reserved 1048576K
Heap Regions: E=young(eden), S=young(survivor), O=old, HS=humongous(starts), HC=humongous(continues), CS=collection set, F=free, A=archive, TAMS=top-at-mark-start (previous, next)
|   0|0x0000000709400000, 0x0000000709500000, 0x0000000709500000|100%|HS|  |TAMS 0x0000000709500000, 0x0000000709400000| Complete 
|   1|0x0000000709500000, 0x0000000709600000, 0x0000000709600000|100%| O|  |TAMS 0x0000000709600000, 0x0000000709500000| Untracked 
|   2|0x0000000709600000, 0x0000000709700000, 0x0000000709700000|100%| O|  |TAMS 0x0000000709700000, 0x0000000709600000| Untracked 
|   3|0x0000000709700000, 0x0000000709800000, 0x0000000709800000|100%| O|  |TAMS 0x0000000709800000, 0x0000000709700000| Untracked 
|   4|0x0000000709800000, 0x0000000709900000, 0x0000000709900000|100%| O|  |TAMS 0x0000000709900000, 0x0000000709800000| Untracked 
|   5|0x0000000709900000, 0x0000000709a00000, 0x0000000709a00000|100%| O|  |TAMS 0x0000000709a00000, 0x0000000709900000| Untracked 
|   6|0x0000000709a00000, 0x0000000709b00000, 0x0000000709b00000|100%| O|  |TAMS 0x0000000709b00000, 0x0000000709a00000| Untracked 
|   7|0x0000000709b00000, 0x0000000709b29400, 0x0000000709c00000| 16%| O|  |TAMS 0x0000000709b29400, 0x0000000709b00000| Untracked 
|   8|0x0000000709c00000, 0x0000000709c00000, 0x0000000709d00000|  0%| F|  |TAMS 0x0000000709c00000, 0x0000000709c00000| Untracked 
|   9|0x0000000709d00000, 0x0000000709d00000, 0x0000000709e00000|  0%| F|  |TAMS 0x0000000709d00000, 0x0000000709d00000| Untracked 
|  10|0x0000000709e00000, 0x0000000709e00000, 0x0000000709f00000|  0%| F|  |TAMS 0x0000000709e00000, 0x0000000709e00000| Untracked 
|  11|0x0000000709f00000, 0x0000000709f00000, 0x000000070a000000|  0%| F|  |TAMS 0x0000000709f00000, 0x0000000709f00000| Untracked 
|  12|0x000000070a000000, 0x000000070a000000, 0x000000070a100000|  0%| F|  |TAMS 0x000000070a000000, 0x000000070a000000| Untracked 
|  13|0x000000070a100000, 0x000000070a100000, 0x000000070a200000|  0%| F|  |TAMS 0x000000070a100000, 0x000000070a100000| Untracked 
|  14|0x000000070a200000, 0x000000070a200000, 0x000000070a300000|  0%| F|  |TAMS 0x000000070a200000, 0x000000070a200000| Untracked 
|  15|0x000000070a300000, 0x000000070a300000, 0x000000070a400000|  0%| F|  |TAMS 0x000000070a300000, 0x000000070a300000| Untracked 
|  16|0x000000070a400000, 0x000000070a400000, 0x000000070a500000|  0%| F|  |TAMS 0x000000070a400000, 0x000000070a400000| Untracked 
|  17|0x000000070a500000, 0x000000070a500000, 0x000000070a600000|  0%| F|  |TAMS 0x000000070a500000, 0x000000070a500000| Untracked 
|  18|0x000000070a600000, 0x000000070a600000, 0x000000070a700000|  0%| F|  |TAMS 0x000000070a600000, 0x000000070a600000| Untracked 
|  19|0x000000070a700000, 0x000000070a700000, 0x000000070a800000|  0%| F|  |TAMS 0x000000070a700000, 0x000000070a700000| Untracked 
|  20|0x000000070a800000, 0x000000070a800000, 0x000000070a900000|  0%| F|  |TAMS 0x000000070a800000, 0x000000070a800000| Untracked 
|  21|0x000000070a900000, 0x000000070a900000, 0x000000070aa00000|  0%| F|  |TAMS 0x000000070a900000, 0x000000070a900000| Untracked 
|  22|0x000000070aa00000, 0x000000070aa00000, 0x000000070ab00000|  0%| F|  |TAMS 0x000000070aa00000, 0x000000070aa00000| Untracked 
|  23|0x000000070ab00000, 0x000000070ab00000, 0x000000070ac00000|  0%| F|  |TAMS 0x000000070ab00000, 0x000000070ab00000| Untracked 
|  24|0x000000070ac00000, 0x000000070ac00000, 0x000000070ad00000|  0%| F|  |TAMS 0x000000070ac00000, 0x000000070ac00000| Untracked 
|  25|0x000000070ad00000, 0x000000070ad00000, 0x000000070ae00000|  0%| F|  |TAMS 0x000000070ad00000, 0x000000070ad00000| Untracked 
|  26|0x000000070ae00000, 0x000000070ae00000, 0x000000070af00000|  0%| F|  |TAMS 0x000000070ae00000, 0x000000070ae00000| Untracked 
|  27|0x000000070af00000, 0x000000070af00000, 0x000000070b000000|  0%| F|  |TAMS 0x000000070af00000, 0x000000070af00000| Untracked 
|  28|0x000000070b000000, 0x000000070b000000, 0x000000070b100000|  0%| F|  |TAMS 0x000000070b000000, 0x000000070b000000| Untracked 
|  29|0x000000070b100000, 0x000000070b100000, 0x000000070b200000|  0%| F|  |TAMS 0x000000070b100000, 0x000000070b100000| Untracked 
|  30|0x000000070b200000, 0x000000070b200000, 0x000000070b300000|  0%| F|  |TAMS 0x000000070b200000, 0x000000070b200000| Untracked 
|  31|0x000000070b300000, 0x000000070b300000, 0x000000070b400000|  0%| F|  |TAMS 0x000000070b300000, 0x000000070b300000| Untracked 
|  32|0x000000070b400000, 0x000000070b400000, 0x000000070b500000|  0%| F|  |TAMS 0x000000070b400000, 0x000000070b400000| Untracked 
|  33|0x000000070b500000, 0x000000070b500000, 0x000000070b600000|  0%| F|  |TAMS 0x000000070b500000, 0x000000070b500000| Untracked 
|  34|0x000000070b600000, 0x000000070b600000, 0x000000070b700000|  0%| F|  |TAMS 0x000000070b600000, 0x000000070b600000| Untracked 
|  35|0x000000070b700000, 0x000000070b700000, 0x000000070b800000|  0%| F|  |TAMS 0x000000070b700000, 0x000000070b700000| Untracked 
|  36|0x000000070b800000, 0x000000070b800000, 0x000000070b900000|  0%| F|  |TAMS 0x000000070b800000, 0x000000070b800000| Untracked 
|  37|0x000000070b900000, 0x000000070b900000, 0x000000070ba00000|  0%| F|  |TAMS 0x000000070b900000, 0x000000070b900000| Untracked 
|  38|0x000000070ba00000, 0x000000070ba00000, 0x000000070bb00000|  0%| F|  |TAMS 0x000000070ba00000, 0x000000070ba00000| Untracked 
|  39|0x000000070bb00000, 0x000000070bb00000, 0x000000070bc00000|  0%| F|  |TAMS 0x000000070bb00000, 0x000000070bb00000| Untracked 
|  40|0x000000070bc00000, 0x000000070bc00000, 0x000000070bd00000|  0%| F|  |TAMS 0x000000070bc00000, 0x000000070bc00000| Untracked 
|  41|0x000000070bd00000, 0x000000070bd00000, 0x000000070be00000|  0%| F|  |TAMS 0x000000070bd00000, 0x000000070bd00000| Untracked 
|  42|0x000000070be00000, 0x000000070be00000, 0x000000070bf00000|  0%| F|  |TAMS 0x000000070be00000, 0x000000070be00000| Untracked 
|  43|0x000000070bf00000, 0x000000070bf00000, 0x000000070c000000|  0%| F|  |TAMS 0x000000070bf00000, 0x000000070bf00000| Untracked 
|  44|0x000000070c000000, 0x000000070c000000, 0x000000070c100000|  0%| F|  |TAMS 0x000000070c000000, 0x000000070c000000| Untracked 
|  45|0x000000070c100000, 0x000000070c100000, 0x000000070c200000|  0%| F|  |TAMS 0x000000070c100000, 0x000000070c100000| Untracked 
|  46|0x000000070c200000, 0x000000070c200000, 0x000000070c300000|  0%| F|  |TAMS 0x000000070c200000, 0x000000070c200000| Untracked 
|  47|0x000000070c300000, 0x000000070c300000, 0x000000070c400000|  0%| F|  |TAMS 0x000000070c300000, 0x000000070c300000| Untracked 
|  48|0x000000070c400000, 0x000000070c400000, 0x000000070c500000|  0%| F|  |TAMS 0x000000070c400000, 0x000000070c400000| Untracked 
|  49|0x000000070c500000, 0x000000070c500000, 0x000000070c600000|  0%| F|  |TAMS 0x000000070c500000, 0x000000070c500000| Untracked 
|  50|0x000000070c600000, 0x000000070c600000, 0x000000070c700000|  0%| F|  |TAMS 0x000000070c600000, 0x000000070c600000| Untracked 
|  51|0x000000070c700000, 0x000000070c700000, 0x000000070c800000|  0%| F|  |TAMS 0x000000070c700000, 0x000000070c700000| Untracked 
|  52|0x000000070c800000, 0x000000070c800000, 0x000000070c900000|  0%| F|  |TAMS 0x000000070c800000, 0x000000070c800000| Untracked 
|  53|0x000000070c900000, 0x000000070c900000, 0x000000070ca00000|  0%| F|  |TAMS 0x000000070c900000, 0x000000070c900000| Untracked 
|  54|0x000000070ca00000, 0x000000070ca00000, 0x000000070cb00000|  0%| F|  |TAMS 0x000000070ca00000, 0x000000070ca00000| Untracked 
|  55|0x000000070cb00000, 0x000000070cb00000, 0x000000070cc00000|  0%| F|  |TAMS 0x000000070cb00000, 0x000000070cb00000| Untracked 
|  56|0x000000070cc00000, 0x000000070cc00000, 0x000000070cd00000|  0%| F|  |TAMS 0x000000070cc00000, 0x000000070cc00000| Untracked 
|  57|0x000000070cd00000, 0x000000070cd00000, 0x000000070ce00000|  0%| F|  |TAMS 0x000000070cd00000, 0x000000070cd00000| Untracked 
|  58|0x000000070ce00000, 0x000000070ce00000, 0x000000070cf00000|  0%| F|  |TAMS 0x000000070ce00000, 0x000000070ce00000| Untracked 
|  59|0x000000070cf00000, 0x000000070cf00000, 0x000000070d000000|  0%| F|  |TAMS 0x000000070cf00000, 0x000000070cf00000| Untracked 
|  60|0x000000070d000000, 0x000000070d000000, 0x000000070d100000|  0%| F|  |TAMS 0x000000070d000000, 0x000000070d000000| Untracked 
|  61|0x000000070d100000, 0x000000070d100000, 0x000000070d200000|  0%| F|  |TAMS 0x000000070d100000, 0x000000070d100000| Untracked 
|  62|0x000000070d200000, 0x000000070d200000, 0x000000070d300000|  0%| F|  |TAMS 0x000000070d200000, 0x000000070d200000| Untracked 
|  63|0x000000070d300000, 0x000000070d300000, 0x000000070d400000|  0%| F|  |TAMS 0x000000070d300000, 0x000000070d300000| Untracked 
|  64|0x000000070d400000, 0x000000070d400000, 0x000000070d500000|  0%| F|  |TAMS 0x000000070d400000, 0x000000070d400000| Untracked 
|  65|0x000000070d500000, 0x000000070d500000, 0x000000070d600000|  0%| F|  |TAMS 0x000000070d500000, 0x000000070d500000| Untracked 
|  66|0x000000070d600000, 0x000000070d600000, 0x000000070d700000|  0%| F|  |TAMS 0x000000070d600000, 0x000000070d600000| Untracked 
|  67|0x000000070d700000, 0x000000070d700000, 0x000000070d800000|  0%| F|  |TAMS 0x000000070d700000, 0x000000070d700000| Untracked 
|  68|0x000000070d800000, 0x000000070d800000, 0x000000070d900000|  0%| F|  |TAMS 0x000000070d800000, 0x000000070d800000| Untracked 
|  69|0x000000070d900000, 0x000000070d900000, 0x000000070da00000|  0%| F|  |TAMS 0x000000070d900000, 0x000000070d900000| Untracked 
|  70|0x000000070da00000, 0x000000070da00000, 0x000000070db00000|  0%| F|  |TAMS 0x000000070da00000, 0x000000070da00000| Untracked 
|  71|0x000000070db00000, 0x000000070db00000, 0x000000070dc00000|  0%| F|  |TAMS 0x000000070db00000, 0x000000070db00000| Untracked 
|  72|0x000000070dc00000, 0x000000070dc00000, 0x000000070dd00000|  0%| F|  |TAMS 0x000000070dc00000, 0x000000070dc00000| Untracked 
|  73|0x000000070dd00000, 0x000000070dd00000, 0x000000070de00000|  0%| F|  |TAMS 0x000000070dd00000, 0x000000070dd00000| Untracked 
|  74|0x000000070de00000, 0x000000070de00000, 0x000000070df00000|  0%| F|  |TAMS 0x000000070de00000, 0x000000070de00000| Untracked 
|  75|0x000000070df00000, 0x000000070df00000, 0x000000070e000000|  0%| F|  |TAMS 0x000000070df00000, 0x000000070df00000| Untracked 
|  76|0x000000070e000000, 0x000000070e000000, 0x000000070e100000|  0%| F|  |TAMS 0x000000070e000000, 0x000000070e000000| Untracked 
|  77|0x000000070e100000, 0x000000070e100000, 0x000000070e200000|  0%| F|  |TAMS 0x000000070e100000, 0x000000070e100000| Untracked 
|  78|0x000000070e200000, 0x000000070e200000, 0x000000070e300000|  0%| F|  |TAMS 0x000000070e200000, 0x000000070e200000| Untracked 
|  79|0x000000070e300000, 0x000000070e300000, 0x000000070e400000|  0%| F|  |TAMS 0x000000070e300000, 0x000000070e300000| Untracked 
|  80|0x000000070e400000, 0x000000070e400000, 0x000000070e500000|  0%| F|  |TAMS 0x000000070e400000, 0x000000070e400000| Untracked 
|  81|0x000000070e500000, 0x000000070e500000, 0x000000070e600000|  0%| F|  |TAMS 0x000000070e500000, 0x000000070e500000| Untracked 
|  82|0x000000070e600000, 0x000000070e600000, 0x000000070e700000|  0%| F|  |TAMS 0x000000070e600000, 0x000000070e600000| Untracked 
|  83|0x000000070e700000, 0x000000070e700000, 0x000000070e800000|  0%| F|  |TAMS 0x000000070e700000, 0x000000070e700000| Untracked 
|  84|0x000000070e800000, 0x000000070e800000, 0x000000070e900000|  0%| F|  |TAMS 0x000000070e800000, 0x000000070e800000| Untracked 
|  85|0x000000070e900000, 0x000000070e900000, 0x000000070ea00000|  0%| F|  |TAMS 0x000000070e900000, 0x000000070e900000| Untracked 
|  86|0x000000070ea00000, 0x000000070ea00000, 0x000000070eb00000|  0%| F|  |TAMS 0x000000070ea00000, 0x000000070ea00000| Untracked 
|  87|0x000000070eb00000, 0x000000070eb00000, 0x000000070ec00000|  0%| F|  |TAMS 0x000000070eb00000, 0x000000070eb00000| Untracked 
|  88|0x000000070ec00000, 0x000000070ec00000, 0x000000070ed00000|  0%| F|  |TAMS 0x000000070ec00000, 0x000000070ec00000| Untracked 
|  89|0x000000070ed00000, 0x000000070ed00000, 0x000000070ee00000|  0%| F|  |TAMS 0x000000070ed00000, 0x000000070ed00000| Untracked 
|  90|0x000000070ee00000, 0x000000070ee00000, 0x000000070ef00000|  0%| F|  |TAMS 0x000000070ee00000, 0x000000070ee00000| Untracked 
|  91|0x000000070ef00000, 0x000000070ef00000, 0x000000070f000000|  0%| F|  |TAMS 0x000000070ef00000, 0x000000070ef00000| Untracked 
|  92|0x000000070f000000, 0x000000070f000000, 0x000000070f100000|  0%| F|  |TAMS 0x000000070f000000, 0x000000070f000000| Untracked 
|  93|0x000000070f100000, 0x000000070f100000, 0x000000070f200000|  0%| F|  |TAMS 0x000000070f100000, 0x000000070f100000| Untracked 
|  94|0x000000070f200000, 0x000000070f200000, 0x000000070f300000|  0%| F|  |TAMS 0x000000070f200000, 0x000000070f200000| Untracked 
|  95|0x000000070f300000, 0x000000070f300000, 0x000000070f400000|  0%| F|  |TAMS 0x000000070f300000, 0x000000070f300000| Untracked 
|  96|0x000000070f400000, 0x000000070f400000, 0x000000070f500000|  0%| F|  |TAMS 0x000000070f400000, 0x000000070f400000| Untracked 
|  97|0x000000070f500000, 0x000000070f500000, 0x000000070f600000|  0%| F|  |TAMS 0x000000070f500000, 0x000000070f500000| Untracked 
|  98|0x000000070f600000, 0x000000070f600000, 0x000000070f700000|  0%| F|  |TAMS 0x000000070f600000, 0x000000070f600000| Untracked 
|  99|0x000000070f700000, 0x000000070f700000, 0x000000070f800000|  0%| F|  |TAMS 0x000000070f700000, 0x000000070f700000| Untracked 
| 100|0x000000070f800000, 0x000000070f800000, 0x000000070f900000|  0%| F|  |TAMS 0x000000070f800000, 0x000000070f800000| Untracked 
| 101|0x000000070f900000, 0x000000070f900000, 0x000000070fa00000|  0%| F|  |TAMS 0x000000070f900000, 0x000000070f900000| Untracked 
| 102|0x000000070fa00000, 0x000000070fa00000, 0x000000070fb00000|  0%| F|  |TAMS 0x000000070fa00000, 0x000000070fa00000| Untracked 
| 103|0x000000070fb00000, 0x000000070fb00000, 0x000000070fc00000|  0%| F|  |TAMS 0x000000070fb00000, 0x000000070fb00000| Untracked 
| 104|0x000000070fc00000, 0x000000070fc00000, 0x000000070fd00000|  0%| F|  |TAMS 0x000000070fc00000, 0x000000070fc00000| Untracked 
| 105|0x000000070fd00000, 0x000000070fd00000, 0x000000070fe00000|  0%| F|  |TAMS 0x000000070fd00000, 0x000000070fd00000| Untracked 
| 106|0x000000070fe00000, 0x000000070fe00000, 0x000000070ff00000|  0%| F|  |TAMS 0x000000070fe00000, 0x000000070fe00000| Untracked 
| 107|0x000000070ff00000, 0x000000070ff00000, 0x0000000710000000|  0%| F|  |TAMS 0x000000070ff00000, 0x000000070ff00000| Untracked 
| 108|0x0000000710000000, 0x0000000710000000, 0x0000000710100000|  0%| F|  |TAMS 0x0000000710000000, 0x0000000710000000| Untracked 
| 109|0x0000000710100000, 0x0000000710100000, 0x0000000710200000|  0%| F|  |TAMS 0x0000000710100000, 0x0000000710100000| Untracked 
| 110|0x0000000710200000, 0x0000000710200000, 0x0000000710300000|  0%| F|  |TAMS 0x0000000710200000, 0x0000000710200000| Untracked 
| 111|0x0000000710300000, 0x0000000710300000, 0x0000000710400000|  0%| F|  |TAMS 0x0000000710300000, 0x0000000710300000| Untracked 
| 112|0x0000000710400000, 0x0000000710400000, 0x0000000710500000|  0%| F|  |TAMS 0x0000000710400000, 0x0000000710400000| Untracked 
| 113|0x0000000710500000, 0x0000000710500000, 0x0000000710600000|  0%| F|  |TAMS 0x0000000710500000, 0x0000000710500000| Untracked 
| 114|0x0000000710600000, 0x0000000710600000, 0x0000000710700000|  0%| F|  |TAMS 0x0000000710600000, 0x0000000710600000| Untracked 
| 115|0x0000000710700000, 0x0000000710700000, 0x0000000710800000|  0%| F|  |TAMS 0x0000000710700000, 0x0000000710700000| Untracked 
| 116|0x0000000710800000, 0x0000000710800000, 0x0000000710900000|  0%| F|  |TAMS 0x0000000710800000, 0x0000000710800000| Untracked 
| 117|0x0000000710900000, 0x0000000710900000, 0x0000000710a00000|  0%| F|  |TAMS 0x0000000710900000, 0x0000000710900000| Untracked 
| 118|0x0000000710a00000, 0x0000000710a00000, 0x0000000710b00000|  0%| F|  |TAMS 0x0000000710a00000, 0x0000000710a00000| Untracked 
| 119|0x0000000710b00000, 0x0000000710b00000, 0x0000000710c00000|  0%| F|  |TAMS 0x0000000710b00000, 0x0000000710b00000| Untracked 
| 120|0x0000000710c00000, 0x0000000710c00000, 0x0000000710d00000|  0%| F|  |TAMS 0x0000000710c00000, 0x0000000710c00000| Untracked 
| 121|0x0000000710d00000, 0x0000000710d00000, 0x0000000710e00000|  0%| F|  |TAMS 0x0000000710d00000, 0x0000000710d00000| Untracked 
| 122|0x0000000710e00000, 0x0000000710e00000, 0x0000000710f00000|  0%| F|  |TAMS 0x0000000710e00000, 0x0000000710e00000| Untracked 
| 123|0x0000000710f00000, 0x0000000710f00000, 0x0000000711000000|  0%| F|  |TAMS 0x0000000710f00000, 0x0000000710f00000| Untracked 
| 124|0x0000000711000000, 0x0000000711000000, 0x0000000711100000|  0%| F|  |TAMS 0x0000000711000000, 0x0000000711000000| Untracked 
| 125|0x0000000711100000, 0x0000000711100000, 0x0000000711200000|  0%| F|  |TAMS 0x0000000711100000, 0x0000000711100000| Untracked 
| 126|0x0000000711200000, 0x0000000711200000, 0x0000000711300000|  0%| F|  |TAMS 0x0000000711200000, 0x0000000711200000| Untracked 
| 127|0x0000000711300000, 0x0000000711300000, 0x0000000711400000|  0%| F|  |TAMS 0x0000000711300000, 0x0000000711300000| Untracked 
| 128|0x0000000711400000, 0x0000000711400000, 0x0000000711500000|  0%| F|  |TAMS 0x0000000711400000, 0x0000000711400000| Untracked 
| 129|0x0000000711500000, 0x0000000711500000, 0x0000000711600000|  0%| F|  |TAMS 0x0000000711500000, 0x0000000711500000| Untracked 
| 130|0x0000000711600000, 0x0000000711600000, 0x0000000711700000|  0%| F|  |TAMS 0x0000000711600000, 0x0000000711600000| Untracked 
| 131|0x0000000711700000, 0x0000000711700000, 0x0000000711800000|  0%| F|  |TAMS 0x0000000711700000, 0x0000000711700000| Untracked 
| 132|0x0000000711800000, 0x0000000711800000, 0x0000000711900000|  0%| F|  |TAMS 0x0000000711800000, 0x0000000711800000| Untracked 
| 133|0x0000000711900000, 0x0000000711900000, 0x0000000711a00000|  0%| F|  |TAMS 0x0000000711900000, 0x0000000711900000| Untracked 
| 134|0x0000000711a00000, 0x0000000711a00000, 0x0000000711b00000|  0%| F|  |TAMS 0x0000000711a00000, 0x0000000711a00000| Untracked 
| 135|0x0000000711b00000, 0x0000000711b00000, 0x0000000711c00000|  0%| F|  |TAMS 0x0000000711b00000, 0x0000000711b00000| Untracked 
| 136|0x0000000711c00000, 0x0000000711c00000, 0x0000000711d00000|  0%| F|  |TAMS 0x0000000711c00000, 0x0000000711c00000| Untracked 
| 137|0x0000000711d00000, 0x0000000711d00000, 0x0000000711e00000|  0%| F|  |TAMS 0x0000000711d00000, 0x0000000711d00000| Untracked 
| 138|0x0000000711e00000, 0x0000000711e00000, 0x0000000711f00000|  0%| F|  |TAMS 0x0000000711e00000, 0x0000000711e00000| Untracked 
| 139|0x0000000711f00000, 0x0000000711f00000, 0x0000000712000000|  0%| F|  |TAMS 0x0000000711f00000, 0x0000000711f00000| Untracked 
| 140|0x0000000712000000, 0x0000000712000000, 0x0000000712100000|  0%| F|  |TAMS 0x0000000712000000, 0x0000000712000000| Untracked 
| 141|0x0000000712100000, 0x0000000712100000, 0x0000000712200000|  0%| F|  |TAMS 0x0000000712100000, 0x0000000712100000| Untracked 
| 142|0x0000000712200000, 0x0000000712200000, 0x0000000712300000|  0%| F|  |TAMS 0x0000000712200000, 0x0000000712200000| Untracked 
| 143|0x0000000712300000, 0x0000000712300000, 0x0000000712400000|  0%| F|  |TAMS 0x0000000712300000, 0x0000000712300000| Untracked 
| 144|0x0000000712400000, 0x0000000712400000, 0x0000000712500000|  0%| F|  |TAMS 0x0000000712400000, 0x0000000712400000| Untracked 
| 145|0x0000000712500000, 0x0000000712500000, 0x0000000712600000|  0%| F|  |TAMS 0x0000000712500000, 0x0000000712500000| Untracked 
| 146|0x0000000712600000, 0x0000000712600000, 0x0000000712700000|  0%| F|  |TAMS 0x0000000712600000, 0x0000000712600000| Untracked 
| 147|0x0000000712700000, 0x0000000712700000, 0x0000000712800000|  0%| F|  |TAMS 0x0000000712700000, 0x0000000712700000| Untracked 
| 148|0x0000000712800000, 0x0000000712800000, 0x0000000712900000|  0%| F|  |TAMS 0x0000000712800000, 0x0000000712800000| Untracked 
| 149|0x0000000712900000, 0x0000000712900000, 0x0000000712a00000|  0%| F|  |TAMS 0x0000000712900000, 0x0000000712900000| Untracked 
| 150|0x0000000712a00000, 0x0000000712a00000, 0x0000000712b00000|  0%| F|  |TAMS 0x0000000712a00000, 0x0000000712a00000| Untracked 
| 151|0x0000000712b00000, 0x0000000712b00000, 0x0000000712c00000|  0%| F|  |TAMS 0x0000000712b00000, 0x0000000712b00000| Untracked 
| 152|0x0000000712c00000, 0x0000000712c00000, 0x0000000712d00000|  0%| F|  |TAMS 0x0000000712c00000, 0x0000000712c00000| Untracked 
| 153|0x0000000712d00000, 0x0000000712d00000, 0x0000000712e00000|  0%| F|  |TAMS 0x0000000712d00000, 0x0000000712d00000| Untracked 
| 154|0x0000000712e00000, 0x0000000712e00000, 0x0000000712f00000|  0%| F|  |TAMS 0x0000000712e00000, 0x0000000712e00000| Untracked 
| 155|0x0000000712f00000, 0x0000000712f00000, 0x0000000713000000|  0%| F|  |TAMS 0x0000000712f00000, 0x0000000712f00000| Untracked 
| 156|0x0000000713000000, 0x0000000713000000, 0x0000000713100000|  0%| F|  |TAMS 0x0000000713000000, 0x0000000713000000| Untracked 
| 157|0x0000000713100000, 0x0000000713100000, 0x0000000713200000|  0%| F|  |TAMS 0x0000000713100000, 0x0000000713100000| Untracked 
| 158|0x0000000713200000, 0x0000000713200000, 0x0000000713300000|  0%| F|  |TAMS 0x0000000713200000, 0x0000000713200000| Untracked 
| 159|0x0000000713300000, 0x0000000713378ec0, 0x0000000713400000| 47%| S|CS|TAMS 0x0000000713300000, 0x0000000713300000| Complete 
| 160|0x0000000713400000, 0x0000000713500000, 0x0000000713500000|100%| S|CS|TAMS 0x0000000713400000, 0x0000000713400000| Complete 
| 161|0x0000000713500000, 0x0000000713600000, 0x0000000713600000|100%| S|CS|TAMS 0x0000000713500000, 0x0000000713500000| Complete 
| 162|0x0000000713600000, 0x0000000713700000, 0x0000000713700000|100%| S|CS|TAMS 0x0000000713600000, 0x0000000713600000| Complete 
| 163|0x0000000713700000, 0x0000000713800000, 0x0000000713800000|100%| S|CS|TAMS 0x0000000713700000, 0x0000000713700000| Complete 
| 164|0x0000000713800000, 0x0000000713900000, 0x0000000713900000|100%| S|CS|TAMS 0x0000000713800000, 0x0000000713800000| Complete 
| 165|0x0000000713900000, 0x0000000713a00000, 0x0000000713a00000|100%| S|CS|TAMS 0x0000000713900000, 0x0000000713900000| Complete 
| 166|0x0000000713a00000, 0x0000000713a00000, 0x0000000713b00000|  0%| F|  |TAMS 0x0000000713a00000, 0x0000000713a00000| Untracked 
| 167|0x0000000713b00000, 0x0000000713b00000, 0x0000000713c00000|  0%| F|  |TAMS 0x0000000713b00000, 0x0000000713b00000| Untracked 
| 168|0x0000000713c00000, 0x0000000713c00000, 0x0000000713d00000|  0%| F|  |TAMS 0x0000000713c00000, 0x0000000713c00000| Untracked 
| 169|0x0000000713d00000, 0x0000000713d00000, 0x0000000713e00000|  0%| F|  |TAMS 0x0000000713d00000, 0x0000000713d00000| Untracked 
| 170|0x0000000713e00000, 0x0000000713e00000, 0x0000000713f00000|  0%| F|  |TAMS 0x0000000713e00000, 0x0000000713e00000| Untracked 
| 171|0x0000000713f00000, 0x0000000713f00000, 0x0000000714000000|  0%| F|  |TAMS 0x0000000713f00000, 0x0000000713f00000| Untracked 
| 172|0x0000000714000000, 0x0000000714000000, 0x0000000714100000|  0%| F|  |TAMS 0x0000000714000000, 0x0000000714000000| Untracked 
| 173|0x0000000714100000, 0x0000000714100000, 0x0000000714200000|  0%| F|  |TAMS 0x0000000714100000, 0x0000000714100000| Untracked 
| 174|0x0000000714200000, 0x0000000714200000, 0x0000000714300000|  0%| F|  |TAMS 0x0000000714200000, 0x0000000714200000| Untracked 
| 175|0x0000000714300000, 0x0000000714300000, 0x0000000714400000|  0%| F|  |TAMS 0x0000000714300000, 0x0000000714300000| Untracked 
| 176|0x0000000714400000, 0x0000000714400000, 0x0000000714500000|  0%| F|  |TAMS 0x0000000714400000, 0x0000000714400000| Untracked 
| 177|0x0000000714500000, 0x0000000714500000, 0x0000000714600000|  0%| F|  |TAMS 0x0000000714500000, 0x0000000714500000| Untracked 
| 178|0x0000000714600000, 0x0000000714600000, 0x0000000714700000|  0%| F|  |TAMS 0x0000000714600000, 0x0000000714600000| Untracked 
| 179|0x0000000714700000, 0x0000000714700000, 0x0000000714800000|  0%| F|  |TAMS 0x0000000714700000, 0x0000000714700000| Untracked 
| 180|0x0000000714800000, 0x0000000714800000, 0x0000000714900000|  0%| F|  |TAMS 0x0000000714800000, 0x0000000714800000| Untracked 
| 181|0x0000000714900000, 0x0000000714900000, 0x0000000714a00000|  0%| F|  |TAMS 0x0000000714900000, 0x0000000714900000| Untracked 
| 182|0x0000000714a00000, 0x0000000714a00000, 0x0000000714b00000|  0%| F|  |TAMS 0x0000000714a00000, 0x0000000714a00000| Untracked 
| 183|0x0000000714b00000, 0x0000000714b00000, 0x0000000714c00000|  0%| F|  |TAMS 0x0000000714b00000, 0x0000000714b00000| Untracked 
| 184|0x0000000714c00000, 0x0000000714c00000, 0x0000000714d00000|  0%| F|  |TAMS 0x0000000714c00000, 0x0000000714c00000| Untracked 
| 185|0x0000000714d00000, 0x0000000714d00000, 0x0000000714e00000|  0%| F|  |TAMS 0x0000000714d00000, 0x0000000714d00000| Untracked 
| 186|0x0000000714e00000, 0x0000000714e00000, 0x0000000714f00000|  0%| F|  |TAMS 0x0000000714e00000, 0x0000000714e00000| Untracked 
| 187|0x0000000714f00000, 0x0000000714f00000, 0x0000000715000000|  0%| F|  |TAMS 0x0000000714f00000, 0x0000000714f00000| Untracked 
| 188|0x0000000715000000, 0x0000000715000000, 0x0000000715100000|  0%| F|  |TAMS 0x0000000715000000, 0x0000000715000000| Untracked 
| 189|0x0000000715100000, 0x0000000715100000, 0x0000000715200000|  0%| F|  |TAMS 0x0000000715100000, 0x0000000715100000| Untracked 
| 190|0x0000000715200000, 0x0000000715200000, 0x0000000715300000|  0%| F|  |TAMS 0x0000000715200000, 0x0000000715200000| Untracked 
| 191|0x0000000715300000, 0x0000000715300000, 0x0000000715400000|  0%| F|  |TAMS 0x0000000715300000, 0x0000000715300000| Untracked 
| 192|0x0000000715400000, 0x0000000715400000, 0x0000000715500000|  0%| F|  |TAMS 0x0000000715400000, 0x0000000715400000| Untracked 
| 193|0x0000000715500000, 0x0000000715500000, 0x0000000715600000|  0%| F|  |TAMS 0x0000000715500000, 0x0000000715500000| Untracked 
| 194|0x0000000715600000, 0x0000000715600000, 0x0000000715700000|  0%| F|  |TAMS 0x0000000715600000, 0x0000000715600000| Untracked 
| 195|0x0000000715700000, 0x0000000715700000, 0x0000000715800000|  0%| F|  |TAMS 0x0000000715700000, 0x0000000715700000| Untracked 
| 196|0x0000000715800000, 0x0000000715800000, 0x0000000715900000|  0%| F|  |TAMS 0x0000000715800000, 0x0000000715800000| Untracked 
| 197|0x0000000715900000, 0x0000000715900000, 0x0000000715a00000|  0%| F|  |TAMS 0x0000000715900000, 0x0000000715900000| Untracked 
| 198|0x0000000715a00000, 0x0000000715a00000, 0x0000000715b00000|  0%| F|  |TAMS 0x0000000715a00000, 0x0000000715a00000| Untracked 
| 199|0x0000000715b00000, 0x0000000715b00000, 0x0000000715c00000|  0%| F|  |TAMS 0x0000000715b00000, 0x0000000715b00000| Untracked 
| 200|0x0000000715c00000, 0x0000000715c00000, 0x0000000715d00000|  0%| F|  |TAMS 0x0000000715c00000, 0x0000000715c00000| Untracked 
| 201|0x0000000715d00000, 0x0000000715d00000, 0x0000000715e00000|  0%| F|  |TAMS 0x0000000715d00000, 0x0000000715d00000| Untracked 
| 202|0x0000000715e00000, 0x0000000715e00000, 0x0000000715f00000|  0%| F|  |TAMS 0x0000000715e00000, 0x0000000715e00000| Untracked 
| 203|0x0000000715f00000, 0x0000000715f00000, 0x0000000716000000|  0%| F|  |TAMS 0x0000000715f00000, 0x0000000715f00000| Untracked 
| 204|0x0000000716000000, 0x0000000716000000, 0x0000000716100000|  0%| F|  |TAMS 0x0000000716000000, 0x0000000716000000| Untracked 
| 205|0x0000000716100000, 0x0000000716100000, 0x0000000716200000|  0%| F|  |TAMS 0x0000000716100000, 0x0000000716100000| Untracked 
| 206|0x0000000716200000, 0x0000000716200000, 0x0000000716300000|  0%| F|  |TAMS 0x0000000716200000, 0x0000000716200000| Untracked 
| 207|0x0000000716300000, 0x0000000716300000, 0x0000000716400000|  0%| F|  |TAMS 0x0000000716300000, 0x0000000716300000| Untracked 
| 208|0x0000000716400000, 0x0000000716400000, 0x0000000716500000|  0%| F|  |TAMS 0x0000000716400000, 0x0000000716400000| Untracked 
| 209|0x0000000716500000, 0x0000000716500000, 0x0000000716600000|  0%| F|  |TAMS 0x0000000716500000, 0x0000000716500000| Untracked 
| 210|0x0000000716600000, 0x0000000716600000, 0x0000000716700000|  0%| F|  |TAMS 0x0000000716600000, 0x0000000716600000| Untracked 
| 211|0x0000000716700000, 0x0000000716700000, 0x0000000716800000|  0%| F|  |TAMS 0x0000000716700000, 0x0000000716700000| Untracked 
| 212|0x0000000716800000, 0x0000000716800000, 0x0000000716900000|  0%| F|  |TAMS 0x0000000716800000, 0x0000000716800000| Untracked 
| 213|0x0000000716900000, 0x0000000716900000, 0x0000000716a00000|  0%| F|  |TAMS 0x0000000716900000, 0x0000000716900000| Untracked 
| 214|0x0000000716a00000, 0x0000000716a00000, 0x0000000716b00000|  0%| F|  |TAMS 0x0000000716a00000, 0x0000000716a00000| Untracked 
| 215|0x0000000716b00000, 0x0000000716b00000, 0x0000000716c00000|  0%| F|  |TAMS 0x0000000716b00000, 0x0000000716b00000| Untracked 
| 216|0x0000000716c00000, 0x0000000716c00000, 0x0000000716d00000|  0%| F|  |TAMS 0x0000000716c00000, 0x0000000716c00000| Untracked 
| 217|0x0000000716d00000, 0x0000000716d00000, 0x0000000716e00000|  0%| F|  |TAMS 0x0000000716d00000, 0x0000000716d00000| Untracked 
| 218|0x0000000716e00000, 0x0000000716e00000, 0x0000000716f00000|  0%| F|  |TAMS 0x0000000716e00000, 0x0000000716e00000| Untracked 
| 219|0x0000000716f00000, 0x0000000716f00000, 0x0000000717000000|  0%| F|  |TAMS 0x0000000716f00000, 0x0000000716f00000| Untracked 
| 220|0x0000000717000000, 0x0000000717000000, 0x0000000717100000|  0%| F|  |TAMS 0x0000000717000000, 0x0000000717000000| Untracked 
| 221|0x0000000717100000, 0x0000000717100000, 0x0000000717200000|  0%| F|  |TAMS 0x0000000717100000, 0x0000000717100000| Untracked 
| 222|0x0000000717200000, 0x0000000717200000, 0x0000000717300000|  0%| F|  |TAMS 0x0000000717200000, 0x0000000717200000| Untracked 
| 223|0x0000000717300000, 0x0000000717300000, 0x0000000717400000|  0%| F|  |TAMS 0x0000000717300000, 0x0000000717300000| Untracked 
| 224|0x0000000717400000, 0x0000000717400000, 0x0000000717500000|  0%| F|  |TAMS 0x0000000717400000, 0x0000000717400000| Untracked 
| 225|0x0000000717500000, 0x0000000717500000, 0x0000000717600000|  0%| F|  |TAMS 0x0000000717500000, 0x0000000717500000| Untracked 
| 226|0x0000000717600000, 0x0000000717600000, 0x0000000717700000|  0%| F|  |TAMS 0x0000000717600000, 0x0000000717600000| Untracked 
| 227|0x0000000717700000, 0x0000000717700000, 0x0000000717800000|  0%| F|  |TAMS 0x0000000717700000, 0x0000000717700000| Untracked 
| 228|0x0000000717800000, 0x0000000717800000, 0x0000000717900000|  0%| F|  |TAMS 0x0000000717800000, 0x0000000717800000| Untracked 
| 229|0x0000000717900000, 0x0000000717900000, 0x0000000717a00000|  0%| F|  |TAMS 0x0000000717900000, 0x0000000717900000| Untracked 
| 230|0x0000000717a00000, 0x0000000717a00000, 0x0000000717b00000|  0%| F|  |TAMS 0x0000000717a00000, 0x0000000717a00000| Untracked 
| 231|0x0000000717b00000, 0x0000000717b00000, 0x0000000717c00000|  0%| F|  |TAMS 0x0000000717b00000, 0x0000000717b00000| Untracked 
| 232|0x0000000717c00000, 0x0000000717c00000, 0x0000000717d00000|  0%| F|  |TAMS 0x0000000717c00000, 0x0000000717c00000| Untracked 
| 233|0x0000000717d00000, 0x0000000717d00000, 0x0000000717e00000|  0%| F|  |TAMS 0x0000000717d00000, 0x0000000717d00000| Untracked 
| 234|0x0000000717e00000, 0x0000000717e00000, 0x0000000717f00000|  0%| F|  |TAMS 0x0000000717e00000, 0x0000000717e00000| Untracked 
| 235|0x0000000717f00000, 0x0000000717f00000, 0x0000000718000000|  0%| F|  |TAMS 0x0000000717f00000, 0x0000000717f00000| Untracked 
| 236|0x0000000718000000, 0x0000000718000000, 0x0000000718100000|  0%| F|  |TAMS 0x0000000718000000, 0x0000000718000000| Untracked 
| 237|0x0000000718100000, 0x0000000718100000, 0x0000000718200000|  0%| F|  |TAMS 0x0000000718100000, 0x0000000718100000| Untracked 
| 238|0x0000000718200000, 0x0000000718200000, 0x0000000718300000|  0%| F|  |TAMS 0x0000000718200000, 0x0000000718200000| Untracked 
| 239|0x0000000718300000, 0x0000000718300000, 0x0000000718400000|  0%| F|  |TAMS 0x0000000718300000, 0x0000000718300000| Untracked 
| 240|0x0000000718400000, 0x0000000718400000, 0x0000000718500000|  0%| F|  |TAMS 0x0000000718400000, 0x0000000718400000| Untracked 
| 241|0x0000000718500000, 0x0000000718500000, 0x0000000718600000|  0%| F|  |TAMS 0x0000000718500000, 0x0000000718500000| Untracked 
| 242|0x0000000718600000, 0x0000000718680800, 0x0000000718700000| 50%| E|  |TAMS 0x0000000718600000, 0x0000000718600000| Complete 
| 243|0x0000000718700000, 0x0000000718800000, 0x0000000718800000|100%| E|CS|TAMS 0x0000000718700000, 0x0000000718700000| Complete 
| 244|0x0000000718800000, 0x0000000718900000, 0x0000000718900000|100%| E|CS|TAMS 0x0000000718800000, 0x0000000718800000| Complete 
| 245|0x0000000718900000, 0x0000000718a00000, 0x0000000718a00000|100%| E|CS|TAMS 0x0000000718900000, 0x0000000718900000| Complete 
| 246|0x0000000718a00000, 0x0000000718b00000, 0x0000000718b00000|100%| E|CS|TAMS 0x0000000718a00000, 0x0000000718a00000| Complete 
| 247|0x0000000718b00000, 0x0000000718c00000, 0x0000000718c00000|100%| E|CS|TAMS 0x0000000718b00000, 0x0000000718b00000| Complete 

Card table byte_map: [0x0000019d21590000,0x0000019d21d50000] _byte_map_base: 0x0000019d1dd46000

Marking Bits (Prev, Next): (CMBitMap*) 0x0000019d0a213418, (CMBitMap*) 0x0000019d0a213450
 Prev Bits: [0x0000019d22510000, 0x0000019d262c0000)
 Next Bits: [0x0000019d262c0000, 0x0000019d2a070000)

Polling page: 0x0000019d08110000

Metaspace:

Usage:
  Non-class:     29.32 MB capacity,    28.84 MB ( 98%) used,   389.67 KB (  1%) free+waste,   102.25 KB ( <1%) overhead. 
      Class:      4.46 MB capacity,     4.06 MB ( 91%) used,   355.07 KB (  8%) free+waste,    51.38 KB (  1%) overhead. 
       Both:     33.78 MB capacity,    32.91 MB ( 97%) used,   744.74 KB (  2%) free+waste,   153.62 KB ( <1%) overhead. 

Virtual space:
  Non-class space:       38.00 MB reserved,      29.50 MB ( 78%) committed 
      Class space:        1.00 GB reserved,       4.50 MB ( <1%) committed 
             Both:        1.04 GB reserved,      34.00 MB (  3%) committed 

Chunk freelists:
   Non-Class:  6.50 KB
       Class:  1.12 KB
        Both:  7.62 KB

CodeHeap 'non-profiled nmethods': size=238336Kb used=5542Kb max_used=5542Kb free=232793Kb
 bounds [0x0000019d11fc0000, 0x0000019d12530000, 0x0000019d20880000]
CodeHeap 'non-nmethods': size=7424Kb used=1242Kb max_used=1242Kb free=6181Kb
 bounds [0x0000019d11880000, 0x0000019d11af0000, 0x0000019d11fc0000]
 total_blobs=3762 nmethods=3281 adapters=414
 compilation: disabled (not enough contiguous free space left)
              stopped_count=1, restarted_count=0
 full_count=1

Compilation events (10 events):
Event: 2.449 Thread 0x0000019d2d716000 nmethod 3276 0x0000019d12527690 code [0x0000019d12527840, 0x0000019d12527998]
Event: 2.449 Thread 0x0000019d2d716000 3278   !   1       java.io.FilePermission::init (558 bytes)
Event: 2.450 Thread 0x0000019d2d716000 nmethod 3278 0x0000019d12527a90 code [0x0000019d12527d80, 0x0000019d12528a38]
Event: 2.451 Thread 0x0000019d2d716000 3279       1       java.util.Collections$UnmodifiableCollection::size (10 bytes)
Event: 2.451 Thread 0x0000019d2d716000 nmethod 3279 0x0000019d12529090 code [0x0000019d12529220, 0x0000019d12529308]
Event: 2.451 Thread 0x0000019d2d716000 3280       1       org.springframework.boot.autoconfigure.condition.ConditionOutcome::match (10 bytes)
Event: 2.452 Thread 0x0000019d2d716000 nmethod 3280 0x0000019d12529390 code [0x0000019d12529540, 0x0000019d12529788]
Event: 2.452 Thread 0x0000019d2d716000 3281       1       java.util.Collections$SetFromMap::isEmpty (10 bytes)
Event: 2.452 Thread 0x0000019d2d716000 nmethod 3281 0x0000019d12529890 code [0x0000019d12529a20, 0x0000019d12529b08]
Event: 2.461 Thread 0x0000019d2d716000 3282   !   1       org.springframework.beans.factory.support.AbstractBeanFactory::doGetBean (832 bytes)

GC Heap History (10 events):
Event: 0.840 GC heap before
{Heap before GC invocations=0 (full 0):
 garbage-first heap   total 253952K, used 24576K [0x0000000709400000, 0x0000000800000000)
  region size 1024K, 24 young (24576K), 0 survivors (0K)
 Metaspace       used 14219K, capacity 14565K, committed 14720K, reserved 1062912K
  class space    used 1464K, capacity 1601K, committed 1664K, reserved 1048576K
}
Event: 0.846 GC heap after
{Heap after GC invocations=1 (full 0):
 garbage-first heap   total 253952K, used 7211K [0x0000000709400000, 0x0000000800000000)
  region size 1024K, 3 young (3072K), 3 survivors (3072K)
 Metaspace       used 14219K, capacity 14565K, committed 14720K, reserved 1062912K
  class space    used 1464K, capacity 1601K, committed 1664K, reserved 1048576K
}
Event: 1.032 GC heap before
{Heap before GC invocations=1 (full 0):
 garbage-first heap   total 253952K, used 29739K [0x0000000709400000, 0x0000000800000000)
  region size 1024K, 25 young (25600K), 3 survivors (3072K)
 Metaspace       used 16709K, capacity 17100K, committed 17280K, reserved 1064960K
  class space    used 1754K, capacity 1895K, committed 1920K, reserved 1048576K
}
Event: 1.036 GC heap after
{Heap after GC invocations=2 (full 0):
 garbage-first heap   total 253952K, used 8501K [0x0000000709400000, 0x0000000800000000)
  region size 1024K, 2 young (2048K), 2 survivors (2048K)
 Metaspace       used 16709K, capacity 17100K, committed 17280K, reserved 1064960K
  class space    used 1754K, capacity 1895K, committed 1920K, reserved 1048576K
}
Event: 1.489 GC heap before
{Heap before GC invocations=2 (full 0):
 garbage-first heap   total 253952K, used 59701K [0x0000000709400000, 0x0000000800000000)
  region size 1024K, 54 young (55296K), 2 survivors (2048K)
 Metaspace       used 20507K, capacity 21080K, committed 21248K, reserved 1069056K
  class space    used 2332K, capacity 2555K, committed 2560K, reserved 1048576K
}
Event: 1.493 GC heap after
{Heap after GC invocations=3 (full 0):
 garbage-first heap   total 253952K, used 9704K [0x0000000709400000, 0x0000000800000000)
  region size 1024K, 3 young (3072K), 3 survivors (3072K)
 Metaspace       used 20507K, capacity 21080K, committed 21248K, reserved 1069056K
  class space    used 2332K, capacity 2555K, committed 2560K, reserved 1048576K
}
Event: 1.983 GC heap before
{Heap before GC invocations=4 (full 0):
 garbage-first heap   total 253952K, used 158184K [0x0000000709400000, 0x0000000800000000)
  region size 1024K, 148 young (151552K), 3 survivors (3072K)
 Metaspace       used 30460K, capacity 31224K, committed 31488K, reserved 1077248K
  class space    used 3688K, capacity 4020K, committed 4096K, reserved 1048576K
}
Event: 1.988 GC heap after
{Heap after GC invocations=5 (full 0):
 garbage-first heap   total 253952K, used 12651K [0x0000000709400000, 0x0000000800000000)
  region size 1024K, 6 young (6144K), 6 survivors (6144K)
 Metaspace       used 30460K, capacity 31224K, committed 31488K, reserved 1077248K
  class space    used 3688K, capacity 4020K, committed 4096K, reserved 1048576K
}
Event: 2.415 GC heap before
{Heap before GC invocations=5 (full 0):
 garbage-first heap   total 253952K, used 95595K [0x0000000709400000, 0x0000000800000000)
  region size 1024K, 88 young (90112K), 6 survivors (6144K)
 Metaspace       used 33552K, capacity 34429K, committed 34560K, reserved 1085440K
  class space    used 4147K, capacity 4534K, committed 4608K, reserved 1048576K
}
Event: 2.422 GC heap after
{Heap after GC invocations=6 (full 0):
 garbage-first heap   total 253952K, used 13960K [0x0000000709400000, 0x0000000800000000)
  region size 1024K, 7 young (7168K), 7 survivors (7168K)
 Metaspace       used 33552K, capacity 34429K, committed 34560K, reserved 1085440K
  class space    used 4147K, capacity 4534K, committed 4608K, reserved 1048576K
}

Deoptimization events (0 events):
No events

Classes redefined (0 events):
No events

Internal exceptions (10 events):
Event: 1.796 Thread 0x0000019d2d855000 Exception <a 'java/lang/NoSuchMethodError'{0x00000007131e0798}: java.lang.invoke.DirectMethodHandle$Holder.invokeSpecial(Ljava/lang/Object;Ljava/lang/Object;IILjava/lang/Object;Ljava/lang/Object;Ljava/lang/Object;)Ljava/lang/Object;> (0x00000007131e0798) 
Event: 1.797 Thread 0x0000019d2d855000 Exception <a 'java/lang/NoSuchMethodError'{0x00000007131e3d20}: java.lang.invoke.DelegatingMethodHandle$Holder.reinvoke_L(Ljava/lang/Object;IILjava/lang/Object;Ljava/lang/Object;Ljava/lang/Object;)Ljava/lang/Object;> (0x00000007131e3d20) thrown at [./open
Event: 1.797 Thread 0x0000019d2d855000 Exception <a 'java/lang/NoSuchMethodError'{0x00000007131e86f8}: java.lang.invoke.DirectMethodHandle$Holder.invokeStatic(Ljava/lang/Object;Ljava/lang/Object;Ljava/lang/Object;Ljava/lang/Object;I)Ljava/lang/Object;> (0x00000007131e86f8) thrown at [./open/sr
Event: 1.968 Thread 0x0000019d2d85b000 Exception <a 'java/lang/IncompatibleClassChangeError'{0x000000070fe56bd8}: Found class java.lang.Object, but interface was expected> (0x000000070fe56bd8) thrown at [./open/src/hotspot/share/interpreter/linkResolver.cpp, line 838]
Event: 2.029 Thread 0x0000019d2d855000 Exception <a 'java/lang/NoSuchMethodError'{0x0000000717b1a610}: java.lang.invoke.DirectMethodHandle$Holder.invokeSpecial(Ljava/lang/Object;Ljava/lang/Object;)J> (0x0000000717b1a610) thrown at [./open/src/hotspot/share/interpreter/linkResolver.cpp, line 77
Event: 2.030 Thread 0x0000019d2d855000 Exception <a 'java/lang/NoSuchMethodError'{0x0000000717b24b68}: java.lang.invoke.DirectMethodHandle$Holder.invokeStatic(Ljava/lang/Object;Ljava/lang/Object;)J> (0x0000000717b24b68) thrown at [./open/src/hotspot/share/interpreter/linkResolver.cpp, line 772
Event: 2.030 Thread 0x0000019d2d855000 Exception <a 'java/lang/NoSuchMethodError'{0x0000000717b27990}: java.lang.invoke.DirectMethodHandle$Holder.invokeStaticInit(Ljava/lang/Object;Ljava/lang/Object;)J> (0x0000000717b27990) thrown at [./open/src/hotspot/share/interpreter/linkResolver.cpp, line
Event: 2.032 Thread 0x0000019d2d855000 Exception <a 'java/lang/NoSuchMethodError'{0x0000000717b33e50}: java.lang.invoke.DirectMethodHandle$Holder.invokeInterface(Ljava/lang/Object;Ljava/lang/Object;)J> (0x0000000717b33e50) thrown at [./open/src/hotspot/share/interpreter/linkResolver.cpp, line 
Event: 2.032 Thread 0x0000019d2d855000 Exception <a 'java/lang/IncompatibleClassChangeError'{0x0000000717b36be8}: Found class java.lang.Object, but interface was expected> (0x0000000717b36be8) thrown at [./open/src/hotspot/share/interpreter/linkResolver.cpp, line 838]
Event: 2.040 Thread 0x0000019d2d855000 Exception <a 'java/lang/NoSuchMethodError'{0x000000071784e228}: java.lang.invoke.DirectMethodHandle$Holder.invokeVirtual(Ljava/lang/Object;Ljava/lang/Object;Ljava/lang/Object;Ljava/lang/Object;)Ljava/lang/Object;> (0x000000071784e228) thrown at [./open/sr

Events (10 events):
Event: 2.461 Thread 0x0000019d2d85b000 DEOPT PACKING pc=0x0000019d123e7439 sp=0x000000470d9fcf30
Event: 2.461 Thread 0x0000019d2d85b000 DEOPT UNPACKING pc=0x0000019d118bbb5e sp=0x000000470d9fc408 mode 1
Event: 2.461 Thread 0x0000019d2d85b000 DEOPT PACKING pc=0x0000019d123e6b3c sp=0x000000470d9fcfc0
Event: 2.461 Thread 0x0000019d2d85b000 DEOPT UNPACKING pc=0x0000019d118bbb5e sp=0x000000470d9fc468 mode 1
Event: 2.461 Thread 0x0000019d2d85b000 DEOPT PACKING pc=0x0000019d123e450c sp=0x000000470d9fd020
Event: 2.461 Thread 0x0000019d2d85b000 DEOPT UNPACKING pc=0x0000019d118bbb5e sp=0x000000470d9fc570 mode 1
Event: 2.461 loading class org/springdoc/webmvc/core/RequestService
Event: 2.461 loading class org/springdoc/webmvc/core/RequestService done
Event: 2.461 loading class org/springdoc/core/AbstractRequestService
Event: 2.461 loading class org/springdoc/core/AbstractRequestService done


Dynamic libraries:
0x00007ff7859f0000 - 0x00007ff785a00000 	C:\Program Files\Java\jdk-11\bin\javaw.exe
0x00007fff07bb0000 - 0x00007fff07dc7000 	C:\WINDOWS\SYSTEM32\ntdll.dll
0x00007fff05f40000 - 0x00007fff06004000 	C:\WINDOWS\System32\KERNEL32.DLL
0x00007fff05200000 - 0x00007fff055ad000 	C:\WINDOWS\System32\KERNELBASE.dll
0x00007fff056d0000 - 0x00007fff057e1000 	C:\WINDOWS\System32\ucrtbase.dll
0x00007ffef0360000 - 0x00007ffef037b000 	C:\Program Files\Java\jdk-11\bin\VCRUNTIME140.dll
0x00007ffef5b90000 - 0x00007ffef5ba9000 	C:\Program Files\Java\jdk-11\bin\jli.dll
0x00007fff06880000 - 0x00007fff06932000 	C:\WINDOWS\System32\ADVAPI32.dll
0x00007fff074e0000 - 0x00007fff07587000 	C:\WINDOWS\System32\msvcrt.dll
0x00007fff067c0000 - 0x00007fff06869000 	C:\WINDOWS\System32\sechost.dll
0x00007fff051d0000 - 0x00007fff051f8000 	C:\WINDOWS\System32\bcrypt.dll
0x00007fff05dc0000 - 0x00007fff05ed4000 	C:\WINDOWS\System32\RPCRT4.dll
0x00007fff06010000 - 0x00007fff061be000 	C:\WINDOWS\System32\USER32.dll
0x00007fff057f0000 - 0x00007fff05816000 	C:\WINDOWS\System32\win32u.dll
0x00007fff05cf0000 - 0x00007fff05d19000 	C:\WINDOWS\System32\GDI32.dll
0x00007ffeeda20000 - 0x00007ffeedcb3000 	C:\WINDOWS\WinSxS\amd64_microsoft.windows.common-controls_6595b64144ccf1df_6.0.22621.3672_none_2713b9d173822955\COMCTL32.dll
0x00007fff055b0000 - 0x00007fff056c9000 	C:\WINDOWS\System32\gdi32full.dll
0x00007fff05040000 - 0x00007fff050da000 	C:\WINDOWS\System32\msvcp_win.dll
0x00007ffefe090000 - 0x00007ffefe09a000 	C:\WINDOWS\SYSTEM32\VERSION.dll
0x00007fff05d80000 - 0x00007fff05db1000 	C:\WINDOWS\System32\IMM32.DLL
0x00007fff00a20000 - 0x00007fff00a2c000 	C:\Program Files\Java\jdk-11\bin\vcruntime140_1.dll
0x00007ffee8560000 - 0x00007ffee85ee000 	C:\Program Files\Java\jdk-11\bin\msvcp140.dll
0x00007ffea6720000 - 0x00007ffea728d000 	C:\Program Files\Java\jdk-11\bin\server\jvm.dll
0x00007fff058e0000 - 0x00007fff058e8000 	C:\WINDOWS\System32\PSAPI.DLL
0x00007ffef6bb0000 - 0x00007ffef6bb9000 	C:\WINDOWS\SYSTEM32\WSOCK32.dll
0x00007fff06330000 - 0x00007fff063a1000 	C:\WINDOWS\System32\WS2_32.dll
0x00007fff00590000 - 0x00007fff005c4000 	C:\WINDOWS\SYSTEM32\WINMM.dll
0x00007fff03e70000 - 0x00007fff03e88000 	C:\WINDOWS\SYSTEM32\kernel.appcore.dll
0x00007ffefe460000 - 0x00007ffefe470000 	C:\Program Files\Java\jdk-11\bin\verify.dll
0x00007ffefcc60000 - 0x00007ffefce92000 	C:\WINDOWS\SYSTEM32\DBGHELP.DLL
0x00007fff06430000 - 0x00007fff067bd000 	C:\WINDOWS\System32\combase.dll
0x00007fff061c0000 - 0x00007fff06297000 	C:\WINDOWS\System32\OLEAUT32.dll
0x00007ffeece00000 - 0x00007ffeece32000 	C:\WINDOWS\SYSTEM32\dbgcore.DLL
0x00007fff05150000 - 0x00007fff051cb000 	C:\WINDOWS\System32\bcryptPrimitives.dll
0x00007ffef0330000 - 0x00007ffef0358000 	C:\Program Files\Java\jdk-11\bin\java.dll
0x00007ffefe170000 - 0x00007ffefe17a000 	C:\Program Files\Java\jdk-11\bin\jimage.dll
0x00007ffef4750000 - 0x00007ffef4788000 	C:\Program Files\Java\jdk-11\bin\jdwp.dll
0x00007ffefc0c0000 - 0x00007ffefc0ce000 	C:\Program Files\Java\jdk-11\bin\instrument.dll
0x00007ffef0310000 - 0x00007ffef0327000 	C:\Program Files\Java\jdk-11\bin\zip.dll
0x00007fff06b10000 - 0x00007fff07377000 	C:\WINDOWS\System32\SHELL32.dll
0x00007fff02dd0000 - 0x00007fff036ce000 	C:\WINDOWS\SYSTEM32\windows.storage.dll
0x00007fff02c90000 - 0x00007fff02dcf000 	C:\WINDOWS\SYSTEM32\wintypes.dll
0x00007fff05bf0000 - 0x00007fff05ce9000 	C:\WINDOWS\System32\SHCORE.dll
0x00007fff05d20000 - 0x00007fff05d7e000 	C:\WINDOWS\System32\shlwapi.dll
0x00007fff04e00000 - 0x00007fff04e21000 	C:\WINDOWS\SYSTEM32\profapi.dll
0x00007fff00b00000 - 0x00007fff00b0b000 	C:\Program Files\Java\jdk-11\bin\dt_socket.dll
0x00007fff043a0000 - 0x00007fff04409000 	C:\WINDOWS\System32\mswsock.dll
0x00007fff03960000 - 0x00007fff03a58000 	C:\WINDOWS\SYSTEM32\DNSAPI.dll
0x00007fff03930000 - 0x00007fff0395d000 	C:\WINDOWS\SYSTEM32\IPHLPAPI.DLL
0x00007fff05f30000 - 0x00007fff05f39000 	C:\WINDOWS\System32\NSI.dll
0x00007fff00440000 - 0x00007fff004c3000 	C:\WINDOWS\System32\fwpuclnt.dll
0x00007ffef2ff0000 - 0x00007ffef2ffa000 	C:\Windows\System32\rasadhlp.dll
0x00007ffef0270000 - 0x00007ffef0289000 	C:\Program Files\Java\jdk-11\bin\net.dll
0x00007fff01320000 - 0x00007fff01456000 	C:\WINDOWS\SYSTEM32\WINHTTP.dll
0x00007ffeea920000 - 0x00007ffeea932000 	C:\Program Files\Java\jdk-11\bin\nio.dll
0x00007fff01b30000 - 0x00007fff01b39000 	C:\Program Files\Java\jdk-11\bin\management.dll
0x00007fff00b30000 - 0x00007fff00b3b000 	C:\Program Files\Java\jdk-11\bin\management_ext.dll
0x00007ffee60f0000 - 0x00007ffee6107000 	C:\WINDOWS\system32\napinsp.dll
0x00007ffee60d0000 - 0x00007ffee60eb000 	C:\WINDOWS\system32\pnrpnsp.dll
0x00007ffee60b0000 - 0x00007ffee60c1000 	C:\WINDOWS\System32\winrnr.dll
0x00007ffee5480000 - 0x00007ffee5495000 	C:\WINDOWS\system32\wshbth.dll
0x00007ffee5450000 - 0x00007ffee5477000 	C:\WINDOWS\system32\nlansp_c.dll
0x00007fff045e0000 - 0x00007fff045fb000 	C:\WINDOWS\SYSTEM32\CRYPTSP.dll
0x00007fff03e20000 - 0x00007fff03e55000 	C:\WINDOWS\system32\rsaenh.dll
0x00007fff04470000 - 0x00007fff04498000 	C:\WINDOWS\SYSTEM32\USERENV.dll
0x00007fff04600000 - 0x00007fff0460c000 	C:\WINDOWS\SYSTEM32\CRYPTBASE.dll
0x00007fff01040000 - 0x00007fff01059000 	C:\WINDOWS\SYSTEM32\dhcpcsvc6.DLL
0x00007fff01020000 - 0x00007fff0103f000 	C:\WINDOWS\SYSTEM32\dhcpcsvc.DLL

dbghelp: loaded successfully - version: 4.0.5 - missing functions: none
symbol engine: initialized successfully - sym options: 0x614 - pdb path: .;C:\Program Files\Java\jdk-11\bin;C:\WINDOWS\SYSTEM32;C:\WINDOWS\WinSxS\amd64_microsoft.windows.common-controls_6595b64144ccf1df_6.0.22621.3672_none_2713b9d173822955;C:\Program Files\Java\jdk-11\bin\server

VM Arguments:
jvm_args: -agentlib:jdwp=transport=dt_socket,suspend=y,address=localhost:60982 -Dcom.sun.management.jmxremote -Dcom.sun.management.jmxremote.port=60981 -Dcom.sun.management.jmxremote.authenticate=false -Dcom.sun.management.jmxremote.ssl=false -Djava.rmi.server.hostname=localhost -Dspring.jmx.enabled=true -Dspring.liveBeansView.mbeanDomain -Dspring.application.admin.enabled=true -XX:TieredStopAtLevel=1 -Dspring.boot.project.name=spring_boot_backend_security_jwt_template -javaagent:D:\Offline_Softwares_Windwos\sts-bundle\sts-3.9.18.RELEASE\configuration\org.eclipse.osgi\312\0\.cp\lib\javaagent-shaded.jar -Dfile.encoding=UTF-8 
java_command: com.childadoption.Application --spring.output.ansi.enabled=always
java_class_path (initial): D:\Sunbeam_Cdac\CDAC\New folder (2)\Project\spring_boot_backend_security_jwt_template\target\classes;C:\Users\91830\.m2\repository\org\springframework\boot\spring-boot-starter-data-jpa\2.7.18\spring-boot-starter-data-jpa-2.7.18.jar;C:\Users\91830\.m2\repository\org\springframework\boot\spring-boot-starter-aop\2.7.18\spring-boot-starter-aop-2.7.18.jar;C:\Users\91830\.m2\repository\org\springframework\spring-aop\5.3.31\spring-aop-5.3.31.jar;C:\Users\91830\.m2\repository\org\aspectj\aspectjweaver\1.9.7\aspectjweaver-1.9.7.jar;C:\Users\91830\.m2\repository\org\springframework\boot\spring-boot-starter-jdbc\2.7.18\spring-boot-starter-jdbc-2.7.18.jar;C:\Users\91830\.m2\repository\com\zaxxer\HikariCP\4.0.3\HikariCP-4.0.3.jar;C:\Users\91830\.m2\repository\org\springframework\spring-jdbc\5.3.31\spring-jdbc-5.3.31.jar;C:\Users\91830\.m2\repository\jakarta\transaction\jakarta.transaction-api\1.3.3\jakarta.transaction-api-1.3.3.jar;C:\Users\91830\.m2\repository\jakarta\persistence\jakarta.persistence-api\2.2.3\jakarta.persistence-api-2.2.3.jar;C:\Users\91830\.m2\repository\org\hibernate\hibernate-core\5.6.15.Final\hibernate-core-5.6.15.Final.jar;C:\Users\91830\.m2\repository\org\jboss\logging\jboss-logging\3.4.3.Final\jboss-logging-3.4.3.Final.jar;C:\Users\91830\.m2\repository\net\bytebuddy\byte-buddy\1.12.23\byte-buddy-1.12.23.jar;C:\Users\91830\.m2\repository\antlr\antlr\2.7.7\antlr-2.7.7.jar;C:\Users\91830\.m2\repository\org\jboss\jandex\2.4.2.Final\jandex-2.4.2.Final.jar;C:\Users\91830\.m2\repository\com\fasterxml\classmate\1.5.1\classmate-1.5.1.jar;C:\Users\91830\.m2\repository\org\hibernate\common\hibernate-commons-annotations\5.1.2.Final\hibernate-commons-annotations-5.1.2.Final.jar;C:\Users\91830\.m2\repository\org\glassfish\jaxb\jaxb-runtime\2.3.9\jaxb-runtime-2.3.9.jar;C:\Users\91830\.m2\repository\org\glassfish\jaxb\txw2\2.3.9\txw2-2.3.9.jar;C:\Users\91830\.m2\repository\com\sun\istack\istack-commons-runtime\3.0.12\istack-commons-runtime-3
Launcher Type: SUN_STANDARD

[Global flags]
     intx CICompilerCount                          = 4                                         {product} {ergonomic}
     uint ConcGCThreads                            = 3                                         {product} {ergonomic}
     uint G1ConcRefinementThreads                  = 10                                        {product} {ergonomic}
   size_t G1HeapRegionSize                         = 1048576                                   {product} {ergonomic}
    uintx GCDrainStackTargetSize                   = 64                                        {product} {ergonomic}
   size_t InitialHeapSize                          = 260046848                                 {product} {ergonomic}
     bool ManagementServer                         = true                                      {product} {command line}
   size_t MarkStackSize                            = 4194304                                   {product} {ergonomic}
   size_t MaxHeapSize                              = 4139778048                                {product} {ergonomic}
   size_t MaxNewSize                               = 2483027968                                {product} {ergonomic}
   size_t MinHeapDeltaBytes                        = 1048576                                   {product} {ergonomic}
    uintx NonNMethodCodeHeapSize                   = 7549744                                {pd product} {ergonomic}
    uintx NonProfiledCodeHeapSize                  = 244108496                              {pd product} {ergonomic}
    uintx ProfiledCodeHeapSize                     = 0                                      {pd product} {ergonomic}
    uintx ReservedCodeCacheSize                    = 251658240                              {pd product} {ergonomic}
     bool SegmentedCodeCache                       = true                                      {product} {ergonomic}
     intx TieredStopAtLevel                        = 1                                         {product} {command line}
     bool UseCompressedClassPointers               = true                                 {lp64_product} {ergonomic}
     bool UseCompressedOops                        = true                                 {lp64_product} {ergonomic}
     bool UseG1GC                                  = true                                      {product} {ergonomic}
     bool UseLargePagesIndividualAllocation        = false                                  {pd product} {ergonomic}

Logging:
Log output configuration:
 #0: stdout all=warning uptime,level,tags
 #1: stderr all=off uptime,level,tags

Environment Variables:
JAVA_HOME=C:\Program Files\Java\jdk-11
PATH=C:\Program Files\Common Files\Oracle\Java\javapath;C:\Program Files (x86)\Common Files\Intel\Shared Libraries\redist\intel64\compiler;C:\Windows\system32;C:\Windows;C:\Windows\System32\Wbem;C:\Windows\System32\WindowsPowerShell\v1.0\;C:\Windows\System32\OpenSSH\;C:\Program Files (x86)\NVIDIA Corporation\PhysX\Common;C:\Program Files\NVIDIA Corporation\NVIDIA NvDLISR;C:\WINDOWS\system32;C:\WINDOWS;C:\WINDOWS\System32\Wbem;C:\WINDOWS\System32\WindowsPowerShell\v1.0\;C:\WINDOWS\System32\OpenSSH\;C:\Program Files\nodejs\;C:\ProgramData\chocolatey\bin;C:\TDM-GCC-32\bin;C:\Program Files\dotnet\;C:\Program Files\Git\cmd;C:\Program Files\Java\jdk-11;C:\Program Files\MySQL\MySQL Server 8.0\bin;D:\Sunbeam_Cdac\CDAC\apache-tomcat-9.0.88\bin;C:\Program Files\Java\jdk-11\bin;C:\Program Files\Microsoft SQL Server\150\Tools\Binn\;C:\Program Files\Microsoft SQL Server\Client SDK\ODBC\170\Tools\Binn\;C:\Program Files\MySQL\MySQL Shell 8.0\bin\;C:\Users\91830\AppData\Local\Microsoft\WindowsApps;C:\Users\91830\AppData\Roaming\npm;C:\Users\91830\.dotnet\tools;C:\Users\91830\AppData\Local\Programs\Microsoft VS Code\bin
USERNAME=91830
OS=Windows_NT
PROCESSOR_IDENTIFIER=AMD64 Family 23 Model 96 Stepping 1, AuthenticAMD



---------------  S Y S T E M  ---------------

OS: Windows 11 , 64 bit Build 22621 (10.0.22621.3958)
Hyper-V role detected

CPU:total 12 (initial active 12) (12 cores per cpu, 2 threads per core) family 23 model 96 stepping 1 microcode 0x0, cmov, cx8, fxsr, mmx, sse, sse2, sse3, ssse3, sse4.1, sse4.2, popcnt, avx, avx2, aes, clmul, mmxext, 3dnowpref, lzcnt, sse4a, ht, tsc, tscinvbit, tscinv, bmi1, bmi2, adx, 

Memory: 4k page, system-wide physical 15791M (5439M free)
TotalPageFile size 15791M (AvailPageFile size 2M)
current process WorkingSet (physical memory assigned to process): 256M, peak: 256M
current process commit charge ("private bytes"): 388M, peak: 388M

vm_info: Java HotSpot(TM) 64-Bit Server VM (11.0.20+9-LTS-256) for windows-amd64 JRE (11.0.20+9-LTS-256), built on Jun 14 2023 10:34:22 by "mach5one" with MS VC++ 17.1 (VS2022)

END.
